--------------------------------------------------------------------------------
Release 14.7 Trace  (nt64)
Copyright (c) 1995-2013 Xilinx, Inc.  All rights reserved.

C:\Xilinx\14.7\ISE_DS\ISE\bin\nt64\unwrapped\trce.exe -intstyle ise -v 3 -s 3
-n 3 -fastpaths -xml Second_M.twx Second_M.ncd -o Second_M.twr Second_M.pcf
-ucf Second_M_C.ucf

Design file:              Second_M.ncd
Physical constraint file: Second_M.pcf
Device,package,speed:     xc6slx16,csg324,C,-3 (PRODUCTION 1.23 2013-10-13)
Report level:             verbose report

Environment Variable      Effect 
--------------------      ------ 
NONE                      No environment variables were set
--------------------------------------------------------------------------------

INFO:Timing:2698 - No timing constraints found, doing default enumeration.
INFO:Timing:3412 - To improve timing, see the Timing Closure User Guide (UG612).
INFO:Timing:2752 - To get complete path coverage, use the unconstrained paths 
   option. All paths that are not constrained will be reported in the 
   unconstrained paths section(s) of the report.
INFO:Timing:3339 - The clock-to-out numbers in this timing report are based on 
   a 50 Ohm transmission line loading model.  For the details of this model, 
   and for more information on accounting for different loading conditions, 
   please see the device datasheet.



Data Sheet report:
-----------------
All values displayed in nanoseconds (ns)

Pad to Pad
---------------+---------------+---------+
Source Pad     |Destination Pad|  Delay  |
---------------+---------------+---------+
A<0>           |C4             |    8.046|
A<0>           |F<0>           |    8.085|
A<0>           |F<1>           |    7.491|
A<0>           |F<2>           |    7.422|
A<0>           |F<3>           |    8.071|
A<1>           |C4             |    7.381|
A<1>           |F<1>           |    6.826|
A<1>           |F<2>           |    7.140|
A<1>           |F<3>           |    7.406|
A<2>           |C4             |    6.970|
A<2>           |F<2>           |    7.508|
A<2>           |F<3>           |    6.995|
A<3>           |C4             |    7.475|
A<3>           |F<3>           |    7.500|
B<0>           |C4             |    7.972|
B<0>           |F<0>           |    7.479|
B<0>           |F<1>           |    7.417|
B<0>           |F<2>           |    7.155|
B<0>           |F<3>           |    7.997|
B<1>           |C4             |    7.224|
B<1>           |F<1>           |    6.669|
B<1>           |F<2>           |    7.082|
B<1>           |F<3>           |    7.249|
B<2>           |C4             |    6.744|
B<2>           |F<2>           |    7.297|
B<2>           |F<3>           |    6.769|
B<3>           |C4             |    7.355|
B<3>           |F<3>           |    7.380|
C0             |C4             |   10.810|
C0             |F<0>           |   10.535|
C0             |F<1>           |   10.255|
C0             |F<2>           |   10.196|
C0             |F<3>           |   10.835|
---------------+---------------+---------+


Analysis completed Fri Apr 27 20:08:07 2018 
--------------------------------------------------------------------------------

Trace Settings:
-------------------------
Trace Settings 

Peak Memory Usage: 222 MB



